******************************************************************************
                  TI ARM Linker PC v20.2.6                     
******************************************************************************
>> Linked Thu Mar 16 15:53:22 2023

OUTPUT FILE NAME:   <GPIO_InputOutput.out>
ENTRY POINT SYMBOL: "_c_int00_noargs"  address: 00000ab9


MEMORY CONFIGURATION

         name            origin    length      used     unused   attr    fill
----------------------  --------  ---------  --------  --------  ----  --------
  FLASH                 00000000   00040000  00000c0a  0003f3f6  R  X
  SRAM                  20000000   00008000  00000204  00007dfc  RW X


SEGMENT ALLOCATION MAP

run origin  load origin   length   init length attrs members
----------  ----------- ---------- ----------- ----- -------
00000000    00000000    00000c10   00000c10    r-x
  00000000    00000000    0000026c   0000026c    r-- .intvecs
  0000026c    0000026c    0000091a   0000091a    r-x .text
  00000b88    00000b88    0000006c   0000006c    r-- .const
  00000bf8    00000bf8    00000018   00000018    r-- .cinit
20000000    20000000    00000204   00000000    rw-
  20000000    20000000    00000200   00000000    rw- .stack
  20000200    20000200    00000004   00000000    rw- .data


SECTION ALLOCATION MAP

 output                                  attributes/
section   page    origin      length       input sections
--------  ----  ----------  ----------   ----------------
.intvecs   0    00000000    0000026c     
                  00000000    0000026c     tm4c123gh6pm_startup_ccs.obj (.intvecs)

.text      0    0000026c    0000091a     
                  0000026c    0000016c     driverlib.lib : gpio.obj (.text:GPIOPadConfigSet)
                  000003d8    00000136     rtsv7M4_T_le_v4SPD16_eabi.lib : fd_div_t2.asm.obj (.text)
                  0000050e    00000002     --HOLE-- [fill = 0]
                  00000510    00000118     driverlib.lib : sysctl.obj (.text:SysCtlClockGet)
                  00000628    000000fc     rtsv7M4_T_le_v4SPD16_eabi.lib : fd_mul_t2.asm.obj (.text)
                  00000724    000000f4     driverlib.lib : sysctl.obj (.text:SysCtlClockSet)
                  00000818    000000e0     main.obj (.text)
                  000008f8    0000009c     rtsv7M4_T_le_v4SPD16_eabi.lib : memcpy_t2.asm.obj (.text)
                  00000994    00000068                                   : copy_decompress_lzss.c.obj (.text:decompress:lzss:__TI_decompress_lzss)
                  000009fc    00000044                                   : autoinit.c.obj (.text:__TI_auto_init_nobinit_nopinit:__TI_auto_init_nobinit_nopinit)
                  00000a40    00000044                                   : fd_tou_t2.asm.obj (.text)
                  00000a84    00000034     driverlib.lib : sysctl.obj (.text:SysCtlPeripheralEnable)
                  00000ab8    00000034     rtsv7M4_T_le_v4SPD16_eabi.lib : boot_cortex_m.c.obj (.text:_c_int00_noargs:_c_int00_noargs)
                  00000aec    0000002c     driverlib.lib : gpio.obj (.text:GPIODirModeSet)
                  00000b18    00000020     rtsv7M4_T_le_v4SPD16_eabi.lib : u_tofd_t2.asm.obj (.text)
                  00000b38    0000001a     driverlib.lib : gpio.obj (.text:GPIOPinTypeGPIOOutput)
                  00000b52    0000000e     rtsv7M4_T_le_v4SPD16_eabi.lib : copy_decompress_none.c.obj (.text:decompress:none:__TI_decompress_none)
                  00000b60    0000000c     tm4c123gh6pm_startup_ccs.obj (.text)
                  00000b6c    00000006     driverlib.lib : gpio.obj (.text:GPIOPinRead)
                  00000b72    00000006                   : gpio.obj (.text:GPIOPinWrite)
                  00000b78    00000006                   : sysctl.obj (.text:SysCtlDelay)
                  00000b7e    00000004     rtsv7M4_T_le_v4SPD16_eabi.lib : pre_init.c.obj (.text:_system_pre_init)
                  00000b82    00000004                                   : exit.c.obj (.text:abort:abort)

.const     0    00000b88    0000006c     
                  00000b88    0000006c     driverlib.lib : sysctl.obj (.const:g_pui32Xtals)

.cinit     0    00000bf8    00000018     
                  00000bf8    00000008     (.cinit..data.load) [load image, compression = lzss]
                  00000c00    00000008     (__TI_handler_table)
                  00000c08    00000008     (__TI_cinit_table)

.init_array 
*          0    00000000    00000000     UNINITIALIZED

.data      0    20000200    00000004     UNINITIALIZED
                  20000200    00000004     main.obj (.data)

.stack     0    20000000    00000200     UNINITIALIZED
                  20000000    00000004     rtsv7M4_T_le_v4SPD16_eabi.lib : boot_cortex_m.c.obj (.stack)
                  20000004    000001fc     --HOLE--

__llvm_prf_cnts 
*          0    20000000    00000000     UNINITIALIZED

MODULE SUMMARY

       Module                         code   ro data   rw data
       ------                         ----   -------   -------
    .\
       tm4c123gh6pm_startup_ccs.obj   12     620       0      
       main.obj                       224    0         4      
    +--+------------------------------+------+---------+---------+
       Total:                         236    620       4      
                                                              
    D:/TivaPackage/driverlib/ccs/Debug/driverlib.lib
       sysctl.obj                     582    108       0      
       gpio.obj                       446    0         0      
    +--+------------------------------+------+---------+---------+
       Total:                         1028   108       0      
                                                              
    D:\MyPC_software\CCS\ccs\tools\compiler\ti-cgt-arm_20.2.6.LTS\lib\rtsv7M4_T_le_v4SPD16_eabi.lib
       fd_div_t2.asm.obj              310    0         0      
       fd_mul_t2.asm.obj              252    0         0      
       memcpy_t2.asm.obj              156    0         0      
       copy_decompress_lzss.c.obj     104    0         0      
       autoinit.c.obj                 68     0         0      
       fd_tou_t2.asm.obj              68     0         0      
       boot_cortex_m.c.obj            52     0         0      
       u_tofd_t2.asm.obj              32     0         0      
       copy_decompress_none.c.obj     14     0         0      
       exit.c.obj                     4      0         0      
       pre_init.c.obj                 4      0         0      
    +--+------------------------------+------+---------+---------+
       Total:                         1064   0         0      
                                                              
       Stack:                         0      0         512    
       Linker Generated:              0      24        0      
    +--+------------------------------+------+---------+---------+
       Grand Total:                   2328   752       516    


LINKER GENERATED COPY TABLES

__TI_cinit_table @ 00000c08 records: 1, size/record: 8, table size: 8
	.data: load addr=00000bf8, load size=00000008 bytes, run addr=20000200, run size=00000004 bytes, compression=lzss


LINKER GENERATED HANDLER TABLE

__TI_handler_table @ 00000c00 records: 2, size/record: 4, table size: 8
	index: 0, handler: __TI_decompress_lzss
	index: 1, handler: __TI_decompress_none


GLOBAL SYMBOLS: SORTED ALPHABETICALLY BY Name 

address   name                          
-------   ----                          
00000b83  C$$EXIT                       
00000aed  GPIODirModeSet                
0000026d  GPIOPadConfigSet              
00000b6d  GPIOPinRead                   
00000b39  GPIOPinTypeGPIOOutput         
00000b73  GPIOPinWrite                  
00000b61  ResetISR                      
00000511  SysCtlClockGet                
00000725  SysCtlClockSet                
00000b79  SysCtlDelay                   
00000a85  SysCtlPeripheralEnable        
20000200  __STACK_END                   
00000200  __STACK_SIZE                  
20000200  __STACK_TOP                   
00000c08  __TI_CINIT_Base               
00000c10  __TI_CINIT_Limit              
00000c00  __TI_Handler_Table_Base       
00000c08  __TI_Handler_Table_Limit      
000009fd  __TI_auto_init_nobinit_nopinit
00000995  __TI_decompress_lzss          
00000b53  __TI_decompress_none          
ffffffff  __TI_pprof_out_hndl           
ffffffff  __TI_prof_data_size           
ffffffff  __TI_prof_data_start          
00000000  __TI_static_base__            
00000a41  __aeabi_d2uiz                 
000003d9  __aeabi_ddiv                  
00000629  __aeabi_dmul                  
000008f9  __aeabi_memcpy                
000008f9  __aeabi_memcpy4               
000008f9  __aeabi_memcpy8               
00000b19  __aeabi_ui2d                  
ffffffff  __binit__                     
ffffffff  __c_args__                    
UNDEFED   __mpu_init                    
20000000  __stack                       
20000000  __start___llvm_prf_cnts       
20000000  __stop___llvm_prf_cnts        
00000ab9  _c_int00_noargs               
UNDEFED   _system_post_cinit            
00000b7f  _system_pre_init              
00000b83  abort                         
ffffffff  binit                         
00000000  g_pfnVectors                  
00000819  main                          
000008f9  memcpy                        
20000200  state                         


GLOBAL SYMBOLS: SORTED BY Symbol Address 

address   name                          
-------   ----                          
00000000  __TI_static_base__            
00000000  g_pfnVectors                  
00000200  __STACK_SIZE                  
0000026d  GPIOPadConfigSet              
000003d9  __aeabi_ddiv                  
00000511  SysCtlClockGet                
00000629  __aeabi_dmul                  
00000725  SysCtlClockSet                
00000819  main                          
000008f9  __aeabi_memcpy                
000008f9  __aeabi_memcpy4               
000008f9  __aeabi_memcpy8               
000008f9  memcpy                        
00000995  __TI_decompress_lzss          
000009fd  __TI_auto_init_nobinit_nopinit
00000a41  __aeabi_d2uiz                 
00000a85  SysCtlPeripheralEnable        
00000ab9  _c_int00_noargs               
00000aed  GPIODirModeSet                
00000b19  __aeabi_ui2d                  
00000b39  GPIOPinTypeGPIOOutput         
00000b53  __TI_decompress_none          
00000b61  ResetISR                      
00000b6d  GPIOPinRead                   
00000b73  GPIOPinWrite                  
00000b79  SysCtlDelay                   
00000b7f  _system_pre_init              
00000b83  C$$EXIT                       
00000b83  abort                         
00000c00  __TI_Handler_Table_Base       
00000c08  __TI_CINIT_Base               
00000c08  __TI_Handler_Table_Limit      
00000c10  __TI_CINIT_Limit              
20000000  __stack                       
20000000  __start___llvm_prf_cnts       
20000000  __stop___llvm_prf_cnts        
20000200  __STACK_END                   
20000200  __STACK_TOP                   
20000200  state                         
ffffffff  __TI_pprof_out_hndl           
ffffffff  __TI_prof_data_size           
ffffffff  __TI_prof_data_start          
ffffffff  __binit__                     
ffffffff  __c_args__                    
ffffffff  binit                         
UNDEFED   __mpu_init                    
UNDEFED   _system_post_cinit            

[47 symbols]
