******************************************************************************
                  TI ARM Linker PC v20.2.6                     
******************************************************************************
>> Linked Sat Apr 22 18:28:48 2023

OUTPUT FILE NAME:   <ADC.out>
ENTRY POINT SYMBOL: "_c_int00_noargs"  address: 000010d5


MEMORY CONFIGURATION

         name            origin    length      used     unused   attr    fill
----------------------  --------  ---------  --------  --------  ----  --------
  FLASH                 00000000   00040000  0000141e  0003ebe2  R  X
  SRAM                  20000000   00008000  0000049a  00007b66  RW X


SEGMENT ALLOCATION MAP

run origin  load origin   length   init length attrs members
----------  ----------- ---------- ----------- ----- -------
00000000    00000000    00001420   00001420    r-x
  00000000    00000000    0000026c   0000026c    r-- .intvecs
  0000026c    0000026c    00001032   00001032    r-x .text
  000012a0    000012a0    00000140   00000140    r-- .const
  000013e0    000013e0    00000040   00000040    r-- .cinit
20000000    20000000    0000049e   00000000    rw-
  20000000    20000000    0000026c   00000000    rw- .vtable
  20000270    20000270    00000200   00000000    rw- .stack
  20000470    20000470    00000028   00000000    rw- .bss
  20000498    20000498    00000006   00000000    rw- .data


SECTION ALLOCATION MAP

 output                                  attributes/
section   page    origin      length       input sections
--------  ----  ----------  ----------   ----------------
.intvecs   0    00000000    0000026c     
                  00000000    0000026c     tm4c123gh6pm_startup_ccs.obj (.intvecs)

.text      0    0000026c    00001032     
                  0000026c    000004a8     uartstdio.obj (.text)
                  00000714    00000208     main.obj (.text)
                  0000091c    0000016c     driverlib.lib : gpio.obj (.text:GPIOPadConfigSet)
                  00000a88    00000118                   : sysctl.obj (.text:SysCtlClockGet)
                  00000ba0    000000f4                   : sysctl.obj (.text:SysCtlClockSet)
                  00000c94    0000009c     rtsv7M4_T_le_v4SPD16_eabi.lib : memcpy_t2.asm.obj (.text)
                  00000d30    0000007a     driverlib.lib : adc.obj (.text:ADCSequenceStepConfigure)
                  00000daa    00000002     rtsv7M4_T_le_v4SPD16_eabi.lib : div0.asm.obj (.text)
                  00000dac    00000068     driverlib.lib : interrupt.obj (.text:IntEnable)
                  00000e14    00000068     rtsv7M4_T_le_v4SPD16_eabi.lib : copy_decompress_lzss.c.obj (.text:decompress:lzss:__TI_decompress_lzss)
                  00000e7c    00000050     driverlib.lib : adc.obj (.text:_ADCIntNumberGet)
                  00000ecc    0000004e                   : adc.obj (.text:ADCSequenceConfigure)
                  00000f1a    00000002     --HOLE-- [fill = 0]
                  00000f1c    0000004c                   : gpio.obj (.text:GPIOPinConfigure)
                  00000f68    00000046                   : uart.obj (.text:UARTConfigSetExpClk)
                  00000fae    00000002     --HOLE-- [fill = 0]
                  00000fb0    00000044     rtsv7M4_T_le_v4SPD16_eabi.lib : autoinit.c.obj (.text:__TI_auto_init_nobinit_nopinit:__TI_auto_init_nobinit_nopinit)
                  00000ff4    00000040                                   : u_divt2.asm.obj (.text)
                  00001034    00000038     driverlib.lib : sysctl.obj (.text:SysCtlPeripheralPresent)
                  0000106c    00000034                   : interrupt.obj (.text:IntRegister)
                  000010a0    00000034                   : sysctl.obj (.text:SysCtlPeripheralEnable)
                  000010d4    00000034     rtsv7M4_T_le_v4SPD16_eabi.lib : boot_cortex_m.c.obj (.text:_c_int00_noargs:_c_int00_noargs)
                  00001108    0000002c     driverlib.lib : gpio.obj (.text:GPIODirModeSet)
                  00001134    00000020                   : uart.obj (.text:UARTDisable)
                  00001154    0000001e                   : adc.obj (.text:ADCSequenceDataGet)
                  00001172    0000001c     rtsv7M4_T_le_v4SPD16_eabi.lib : copy_zero_init.c.obj (.text:decompress:ZI:__TI_zero_init_nomemset:__TI_zero_init_nomemset)
                  0000118e    0000001a     driverlib.lib : gpio.obj (.text:GPIOPinTypeGPIOOutput)
                  000011a8    00000018                   : adc.obj (.text:ADCIntRegister)
                  000011c0    00000018                   : adc.obj (.text:ADCProcessorTrigger)
                  000011d8    00000016                   : gpio.obj (.text:GPIOPinTypeADC)
                  000011ee    00000016                   : gpio.obj (.text:GPIOPinTypeUART)
                  00001204    00000014                   : uart.obj (.text:UARTEnable)
                  00001218    00000010                   : adc.obj (.text:ADCIntEnable)
                  00001228    00000010                   : interrupt.obj (.text:IntMasterEnable)
                  00001238    0000000e                   : adc.obj (.text:ADCSequenceEnable)
                  00001246    0000000e     rtsv7M4_T_le_v4SPD16_eabi.lib : copy_decompress_none.c.obj (.text:decompress:none:__TI_decompress_none)
                  00001254    0000000c     driverlib.lib : cpu.obj (.text:CPUcpsie)
                  00001260    0000000c     tm4c123gh6pm_startup_ccs.obj (.text)
                  0000126c    0000000a     driverlib.lib : adc.obj (.text:ADCIntClear)
                  00001276    0000000a                   : uart.obj (.text:UARTCharGet)
                  00001280    0000000a                   : uart.obj (.text:UARTCharPut)
                  0000128a    00000006                   : gpio.obj (.text:GPIOPinWrite)
                  00001290    00000006                   : sysctl.obj (.text:SysCtlDelay)
                  00001296    00000004     rtsv7M4_T_le_v4SPD16_eabi.lib : pre_init.c.obj (.text:_system_pre_init)
                  0000129a    00000004                                   : exit.c.obj (.text:abort:abort)

.const     0    000012a0    00000140     
                  000012a0    00000090     driverlib.lib : gpio.obj (.const:g_pui32GPIOBaseAddrs)
                  00001330    0000006c                   : sysctl.obj (.const:g_pui32Xtals)
                  0000139c    00000014                   : interrupt.obj (.const:g_pui32EnRegs)
                  000013b0    00000012     uartstdio.obj (.const:.string)
                  000013c2    00000002     --HOLE-- [fill = 0]
                  000013c4    0000000c     uartstdio.obj (.const:g_ui32UARTBase)
                  000013d0    0000000c     uartstdio.obj (.const:g_ui32UARTPeriph)
                  000013dc    00000004     uartstdio.obj (.const)

.cinit     0    000013e0    00000040     
                  000013e0    0000000c     (__TI_handler_table)
                  000013ec    00000004     --HOLE-- [fill = 0]
                  000013f0    00000008     (.cinit..bss.load) [load image, compression = zero_init]
                  000013f8    00000008     (.cinit..data.load) [load image, compression = lzss]
                  00001400    00000008     (.cinit..vtable.load) [load image, compression = zero_init]
                  00001408    00000018     (__TI_cinit_table)

.init_array 
*          0    00000000    00000000     UNINITIALIZED

.vtable    0    20000000    0000026c     UNINITIALIZED
                  20000000    0000026c     driverlib.lib : interrupt.obj (.vtable)

.bss       0    20000470    00000028     UNINITIALIZED
                  20000470    00000020     (.common:pui32ADC0Value)
                  20000490    00000004     (.common:sum)
                  20000494    00000004     (.common:value)

.data      0    20000498    00000006     UNINITIALIZED
                  20000498    00000005     uartstdio.obj (.data)
                  2000049d    00000001     main.obj (.data)

.stack     0    20000270    00000200     UNINITIALIZED
                  20000270    00000004     rtsv7M4_T_le_v4SPD16_eabi.lib : boot_cortex_m.c.obj (.stack)
                  20000274    000001fc     --HOLE--

__llvm_prf_cnts 
*          0    20000000    00000000     UNINITIALIZED

MODULE SUMMARY

       Module                         code   ro data   rw data
       ------                         ----   -------   -------
    .\
       uartstdio.obj                  1192   46        5      
       tm4c123gh6pm_startup_ccs.obj   12     620       0      
       main.obj                       520    0         41     
    +--+------------------------------+------+---------+---------+
       Total:                         1724   666       46     
                                                              
    D:/TivaWare/driverlib/ccs/Debug/driverlib.lib
       interrupt.obj                  172    20        620    
       sysctl.obj                     638    108       0      
       gpio.obj                       560    144       0      
       adc.obj                        398    0         0      
       uart.obj                       142    0         0      
       cpu.obj                        12     0         0      
    +--+------------------------------+------+---------+---------+
       Total:                         1922   272       620    
                                                              
    D:\MyPC_software\CCS\ccs\tools\compiler\ti-cgt-arm_20.2.6.LTS\lib\rtsv7M4_T_le_v4SPD16_eabi.lib
       memcpy_t2.asm.obj              156    0         0      
       copy_decompress_lzss.c.obj     104    0         0      
       autoinit.c.obj                 68     0         0      
       u_divt2.asm.obj                64     0         0      
       boot_cortex_m.c.obj            52     0         0      
       copy_zero_init.c.obj           28     0         0      
       copy_decompress_none.c.obj     14     0         0      
       exit.c.obj                     4      0         0      
       pre_init.c.obj                 4      0         0      
       div0.asm.obj                   2      0         0      
    +--+------------------------------+------+---------+---------+
       Total:                         496    0         0      
                                                              
       Stack:                         0      0         512    
       Linker Generated:              0      60        0      
    +--+------------------------------+------+---------+---------+
       Grand Total:                   4142   998       1178   


LINKER GENERATED COPY TABLES

__TI_cinit_table @ 00001408 records: 3, size/record: 8, table size: 24
	.bss: load addr=000013f0, load size=00000008 bytes, run addr=20000470, run size=00000028 bytes, compression=zero_init
	.data: load addr=000013f8, load size=00000008 bytes, run addr=20000498, run size=00000006 bytes, compression=lzss
	.vtable: load addr=00001400, load size=00000008 bytes, run addr=20000000, run size=0000026c bytes, compression=zero_init


LINKER GENERATED HANDLER TABLE

__TI_handler_table @ 000013e0 records: 3, size/record: 4, table size: 12
	index: 0, handler: __TI_zero_init
	index: 1, handler: __TI_decompress_lzss
	index: 2, handler: __TI_decompress_none


GLOBAL SYMBOLS: SORTED ALPHABETICALLY BY Name 

address   name                          
-------   ----                          
0000074d  ADC0Sequence0Handler          
0000126d  ADCIntClear                   
00001219  ADCIntEnable                  
000011a9  ADCIntRegister                
000011c1  ADCProcessorTrigger           
00000ecd  ADCSequenceConfigure          
00001155  ADCSequenceDataGet            
00001239  ADCSequenceEnable             
00000d31  ADCSequenceStepConfigure      
0000129b  C$$EXIT                       
00001255  CPUcpsie                      
00000715  ConfigureUART                 
00001109  GPIODirModeSet                
0000091d  GPIOPadConfigSet              
00000f1d  GPIOPinConfigure              
000011d9  GPIOPinTypeADC                
0000118f  GPIOPinTypeGPIOOutput         
000011ef  GPIOPinTypeUART               
0000128b  GPIOPinWrite                  
00000dad  IntEnable                     
00001229  IntMasterEnable               
0000106d  IntRegister                   
00001261  ResetISR                      
00000a89  SysCtlClockGet                
00000ba1  SysCtlClockSet                
00001291  SysCtlDelay                   
000010a1  SysCtlPeripheralEnable        
00001035  SysCtlPeripheralPresent       
00001277  UARTCharGet                   
00001281  UARTCharPut                   
00000f69  UARTConfigSetExpClk           
00001135  UARTDisable                   
00001205  UARTEnable                    
0000026d  UARTStdioConfig               
000003bd  UARTgetc                      
00000303  UARTgets                      
000006df  UARTprintf                    
000003e5  UARTvprintf                   
000002b3  UARTwrite                     
20000470  __STACK_END                   
00000200  __STACK_SIZE                  
20000470  __STACK_TOP                   
00001408  __TI_CINIT_Base               
00001420  __TI_CINIT_Limit              
000013e0  __TI_Handler_Table_Base       
000013ec  __TI_Handler_Table_Limit      
00000fb1  __TI_auto_init_nobinit_nopinit
00000e15  __TI_decompress_lzss          
00001247  __TI_decompress_none          
ffffffff  __TI_pprof_out_hndl           
ffffffff  __TI_prof_data_size           
ffffffff  __TI_prof_data_start          
00000000  __TI_static_base__            
00001173  __TI_zero_init_nomemset       
00000dab  __aeabi_idiv0                 
00000dab  __aeabi_ldiv0                 
00000c95  __aeabi_memcpy                
00000c95  __aeabi_memcpy4               
00000c95  __aeabi_memcpy8               
00000ff5  __aeabi_uidiv                 
00000ff5  __aeabi_uidivmod              
ffffffff  __binit__                     
ffffffff  __c_args__                    
UNDEFED   __mpu_init                    
20000270  __stack                       
20000000  __start___llvm_prf_cnts       
20000000  __stop___llvm_prf_cnts        
000010d5  _c_int00_noargs               
UNDEFED   _system_post_cinit            
00001297  _system_pre_init              
0000129b  abort                         
ffffffff  binit                         
2000049d  flag                          
20000000  g_pfnRAMVectors               
00000000  g_pfnVectors                  
000007a5  main                          
00000c95  memcpy                        
20000470  pui32ADC0Value                
20000490  sum                           
20000494  value                         


GLOBAL SYMBOLS: SORTED BY Symbol Address 

address   name                          
-------   ----                          
00000000  __TI_static_base__            
00000000  g_pfnVectors                  
00000200  __STACK_SIZE                  
0000026d  UARTStdioConfig               
000002b3  UARTwrite                     
00000303  UARTgets                      
000003bd  UARTgetc                      
000003e5  UARTvprintf                   
000006df  UARTprintf                    
00000715  ConfigureUART                 
0000074d  ADC0Sequence0Handler          
000007a5  main                          
0000091d  GPIOPadConfigSet              
00000a89  SysCtlClockGet                
00000ba1  SysCtlClockSet                
00000c95  __aeabi_memcpy                
00000c95  __aeabi_memcpy4               
00000c95  __aeabi_memcpy8               
00000c95  memcpy                        
00000d31  ADCSequenceStepConfigure      
00000dab  __aeabi_idiv0                 
00000dab  __aeabi_ldiv0                 
00000dad  IntEnable                     
00000e15  __TI_decompress_lzss          
00000ecd  ADCSequenceConfigure          
00000f1d  GPIOPinConfigure              
00000f69  UARTConfigSetExpClk           
00000fb1  __TI_auto_init_nobinit_nopinit
00000ff5  __aeabi_uidiv                 
00000ff5  __aeabi_uidivmod              
00001035  SysCtlPeripheralPresent       
0000106d  IntRegister                   
000010a1  SysCtlPeripheralEnable        
000010d5  _c_int00_noargs               
00001109  GPIODirModeSet                
00001135  UARTDisable                   
00001155  ADCSequenceDataGet            
00001173  __TI_zero_init_nomemset       
0000118f  GPIOPinTypeGPIOOutput         
000011a9  ADCIntRegister                
000011c1  ADCProcessorTrigger           
000011d9  GPIOPinTypeADC                
000011ef  GPIOPinTypeUART               
00001205  UARTEnable                    
00001219  ADCIntEnable                  
00001229  IntMasterEnable               
00001239  ADCSequenceEnable             
00001247  __TI_decompress_none          
00001255  CPUcpsie                      
00001261  ResetISR                      
0000126d  ADCIntClear                   
00001277  UARTCharGet                   
00001281  UARTCharPut                   
0000128b  GPIOPinWrite                  
00001291  SysCtlDelay                   
00001297  _system_pre_init              
0000129b  C$$EXIT                       
0000129b  abort                         
000013e0  __TI_Handler_Table_Base       
000013ec  __TI_Handler_Table_Limit      
00001408  __TI_CINIT_Base               
00001420  __TI_CINIT_Limit              
20000000  __start___llvm_prf_cnts       
20000000  __stop___llvm_prf_cnts        
20000000  g_pfnRAMVectors               
20000270  __stack                       
20000470  __STACK_END                   
20000470  __STACK_TOP                   
20000470  pui32ADC0Value                
20000490  sum                           
20000494  value                         
2000049d  flag                          
ffffffff  __TI_pprof_out_hndl           
ffffffff  __TI_prof_data_size           
ffffffff  __TI_prof_data_start          
ffffffff  __binit__                     
ffffffff  __c_args__                    
ffffffff  binit                         
UNDEFED   __mpu_init                    
UNDEFED   _system_post_cinit            

[80 symbols]
