******************************************************************************
                  TI ARM Linker PC v20.2.6                     
******************************************************************************
>> Linked Thu Mar  9 18:45:44 2023

OUTPUT FILE NAME:   <PWM.out>
ENTRY POINT SYMBOL: "_c_int00_noinit_noargs"  address: 00000765


MEMORY CONFIGURATION

         name            origin    length      used     unused   attr    fill
----------------------  --------  ---------  --------  --------  ----  --------
  FLASH                 00000000   00040000  00000906  0003f6fa  R  X
  SRAM                  20000000   00008000  00000200  00007e00  RW X


SEGMENT ALLOCATION MAP

run origin  load origin   length   init length attrs members
----------  ----------- ---------- ----------- ----- -------
00000000    00000000    00000908   00000908    r-x
  00000000    00000000    0000026c   0000026c    r-- .intvecs
  0000026c    0000026c    0000060a   0000060a    r-x .text
  00000878    00000878    00000090   00000090    r-- .const
20000000    20000000    00000200   00000000    rw-
  20000000    20000000    00000200   00000000    rw- .stack


SECTION ALLOCATION MAP

 output                                  attributes/
section   page    origin      length       input sections
--------  ----  ----------  ----------   ----------------
.intvecs   0    00000000    0000026c     
                  00000000    0000026c     tm4c123gh6pm_startup_ccs.obj (.intvecs)

.text      0    0000026c    0000060a     
                  0000026c    0000016c     driverlib.lib : gpio.obj (.text:GPIOPadConfigSet)
                  000003d8    000000fc     rtsv7M4_T_le_v4SPD16_eabi.lib : fd_mul_t2.asm.obj (.text)
                  000004d4    000000f4     driverlib.lib : sysctl.obj (.text:SysCtlClockSet)
                  000005c8    000000ac     main.obj (.text)
                  00000674    0000004c     driverlib.lib : gpio.obj (.text:GPIOPinConfigure)
                  000006c0    00000044     rtsv7M4_T_le_v4SPD16_eabi.lib : fd_tou_t2.asm.obj (.text)
                  00000704    00000034     driverlib.lib : sysctl.obj (.text:SysCtlPeripheralEnable)
                  00000738    0000002c                   : gpio.obj (.text:GPIODirModeSet)
                  00000764    0000002c     rtsv7M4_T_le_v4SPD16_eabi.lib : boot_cortex_m.c.obj (.text:_c_int00_noinit_noargs:_c_int00_noinit_noargs)
                  00000790    00000022     driverlib.lib : pwm.obj (.text:PWMGenConfigure)
                  000007b2    00000020     rtsv7M4_T_le_v4SPD16_eabi.lib : u_tofd_t2.asm.obj (.text)
                  000007d2    0000001e     driverlib.lib : pwm.obj (.text:PWMPulseWidthSet)
                  000007f0    00000016                   : gpio.obj (.text:GPIOPinTypePWM)
                  00000806    00000002     --HOLE-- [fill = 0]
                  00000808    00000014                   : sysctl.obj (.text:SysCtlPWMClockSet)
                  0000081c    00000012                   : pwm.obj (.text:PWMGenPeriodGet)
                  0000082e    00000012                   : pwm.obj (.text:PWMOutputState)
                  00000840    00000010                   : pwm.obj (.text:PWMGenPeriodSet)
                  00000850    0000000c                   : pwm.obj (.text:PWMGenEnable)
                  0000085c    0000000c     tm4c123gh6pm_startup_ccs.obj (.text)
                  00000868    00000006     driverlib.lib : sysctl.obj (.text:SysCtlDelay)
                  0000086e    00000004     rtsv7M4_T_le_v4SPD16_eabi.lib : pre_init.c.obj (.text:_system_pre_init)
                  00000872    00000004                                   : exit.c.obj (.text:abort:abort)

.const     0    00000878    00000090     
                  00000878    00000090     driverlib.lib : gpio.obj (.const:g_pui32GPIOBaseAddrs)

.cinit     0    00000000    00000000     UNINITIALIZED

.init_array 
*          0    00000000    00000000     UNINITIALIZED

.stack     0    20000000    00000200     UNINITIALIZED
                  20000000    00000004     rtsv7M4_T_le_v4SPD16_eabi.lib : boot_cortex_m.c.obj (.stack)
                  20000004    000001fc     --HOLE--

__llvm_prf_cnts 
*          0    20000000    00000000     UNINITIALIZED

MODULE SUMMARY

       Module                         code   ro data   rw data
       ------                         ----   -------   -------
    .\
       tm4c123gh6pm_startup_ccs.obj   12     620       0      
       main.obj                       172    0         0      
    +--+------------------------------+------+---------+---------+
       Total:                         184    620       0      
                                                              
    D:/TivaPackage/driverlib/ccs/Debug/driverlib.lib
       gpio.obj                       506    144       0      
       sysctl.obj                     322    0         0      
       pwm.obj                        128    0         0      
    +--+------------------------------+------+---------+---------+
       Total:                         956    144       0      
                                                              
    D:\MyPC_software\CCS\ccs\tools\compiler\ti-cgt-arm_20.2.6.LTS\lib\rtsv7M4_T_le_v4SPD16_eabi.lib
       fd_mul_t2.asm.obj              252    0         0      
       fd_tou_t2.asm.obj              68     0         0      
       boot_cortex_m.c.obj            44     0         0      
       u_tofd_t2.asm.obj              32     0         0      
       exit.c.obj                     4      0         0      
       pre_init.c.obj                 4      0         0      
    +--+------------------------------+------+---------+---------+
       Total:                         404    0         0      
                                                              
       Stack:                         0      0         512    
    +--+------------------------------+------+---------+---------+
       Grand Total:                   1544   764       512    


GLOBAL SYMBOLS: SORTED ALPHABETICALLY BY Name 

address   name                   
-------   ----                   
00000873  C$$EXIT                
00000739  GPIODirModeSet         
0000026d  GPIOPadConfigSet       
00000675  GPIOPinConfigure       
000007f1  GPIOPinTypePWM         
00000791  PWMGenConfigure        
00000851  PWMGenEnable           
0000081d  PWMGenPeriodGet        
00000841  PWMGenPeriodSet        
0000082f  PWMOutputState         
000007d3  PWMPulseWidthSet       
0000085d  ResetISR               
000004d5  SysCtlClockSet         
00000869  SysCtlDelay            
00000809  SysCtlPWMClockSet      
00000705  SysCtlPeripheralEnable 
20000200  __STACK_END            
00000200  __STACK_SIZE           
20000200  __STACK_TOP            
ffffffff  __TI_pprof_out_hndl    
ffffffff  __TI_prof_data_size    
ffffffff  __TI_prof_data_start   
00000000  __TI_static_base__     
000006c1  __aeabi_d2uiz          
000003d9  __aeabi_dmul           
000007b3  __aeabi_ui2d           
ffffffff  __binit__              
ffffffff  __c_args__             
UNDEFED   __mpu_init             
20000000  __stack                
20000000  __start___llvm_prf_cnts
20000000  __stop___llvm_prf_cnts 
00000765  _c_int00_noinit_noargs 
0000086f  _system_pre_init       
00000873  abort                  
ffffffff  binit                  
00000000  g_pfnVectors           
000005c9  main                   


GLOBAL SYMBOLS: SORTED BY Symbol Address 

address   name                   
-------   ----                   
00000000  __TI_static_base__     
00000000  g_pfnVectors           
00000200  __STACK_SIZE           
0000026d  GPIOPadConfigSet       
000003d9  __aeabi_dmul           
000004d5  SysCtlClockSet         
000005c9  main                   
00000675  GPIOPinConfigure       
000006c1  __aeabi_d2uiz          
00000705  SysCtlPeripheralEnable 
00000739  GPIODirModeSet         
00000765  _c_int00_noinit_noargs 
00000791  PWMGenConfigure        
000007b3  __aeabi_ui2d           
000007d3  PWMPulseWidthSet       
000007f1  GPIOPinTypePWM         
00000809  SysCtlPWMClockSet      
0000081d  PWMGenPeriodGet        
0000082f  PWMOutputState         
00000841  PWMGenPeriodSet        
00000851  PWMGenEnable           
0000085d  ResetISR               
00000869  SysCtlDelay            
0000086f  _system_pre_init       
00000873  C$$EXIT                
00000873  abort                  
20000000  __stack                
20000000  __start___llvm_prf_cnts
20000000  __stop___llvm_prf_cnts 
20000200  __STACK_END            
20000200  __STACK_TOP            
ffffffff  __TI_pprof_out_hndl    
ffffffff  __TI_prof_data_size    
ffffffff  __TI_prof_data_start   
ffffffff  __binit__              
ffffffff  __c_args__             
ffffffff  binit                  
UNDEFED   __mpu_init             

[38 symbols]
