******************************************************************************
                  TI ARM Linker PC v20.2.6                     
******************************************************************************
>> Linked Tue Jan  3 19:28:50 2023

OUTPUT FILE NAME:   <UART.out>
ENTRY POINT SYMBOL: "_c_int00_noargs"  address: 00000b91


MEMORY CONFIGURATION

         name            origin    length      used     unused   attr    fill
----------------------  --------  ---------  --------  --------  ----  --------
  FLASH                 00000000   00040000  00000ede  0003f122  R  X
  SRAM                  20000000   00008000  0000046c  00007b94  RW X


SEGMENT ALLOCATION MAP

run origin  load origin   length   init length attrs members
----------  ----------- ---------- ----------- ----- -------
00000000    00000000    00000ee4   00000ee4    r-x
  00000000    00000000    0000026c   0000026c    r-- .intvecs
  0000026c    0000026c    00000ace   00000ace    r-x .text
  00000d3c    00000d3c    00000190   00000190    r-- .const
  00000ed0    00000ed0    00000014   00000014    r-- .cinit
20000000    20000000    00000470   00000000    rw-
  20000000    20000000    0000026c   00000000    rw- .vtable
  20000270    20000270    00000200   00000000    rw- .stack


SECTION ALLOCATION MAP

 output                                  attributes/
section   page    origin      length       input sections
--------  ----  ----------  ----------   ----------------
.intvecs   0    00000000    0000026c     
                  00000000    0000026c     tm4c123gh6pm_startup_ccs.obj (.intvecs)

.text      0    0000026c    00000ace     
                  0000026c    0000016c     driverlib.lib : gpio.obj (.text:GPIOPadConfigSet)
                  000003d8    0000014c     main.obj (.text)
                  00000524    00000136     rtsv7M4_T_le_v4SPD16_eabi.lib : fd_div_t2.asm.obj (.text)
                  0000065a    00000002     --HOLE-- [fill = 0]
                  0000065c    00000118     driverlib.lib : sysctl.obj (.text:SysCtlClockGet)
                  00000774    000000fc     rtsv7M4_T_le_v4SPD16_eabi.lib : fd_mul_t2.asm.obj (.text)
                  00000870    000000f4     driverlib.lib : sysctl.obj (.text:SysCtlClockSet)
                  00000964    00000068                   : interrupt.obj (.text:IntEnable)
                  000009cc    0000004c                   : gpio.obj (.text:GPIOPinConfigure)
                  00000a18    00000046                   : uart.obj (.text:UARTConfigSetExpClk)
                  00000a5e    00000002     --HOLE-- [fill = 0]
                  00000a60    00000044     rtsv7M4_T_le_v4SPD16_eabi.lib : autoinit.c.obj (.text:__TI_auto_init_nobinit_nopinit:__TI_auto_init_nobinit_nopinit)
                  00000aa4    00000044                                   : fd_tou_t2.asm.obj (.text)
                  00000ae8    00000040     driverlib.lib : uart.obj (.text:_UARTIntNumberGet)
                  00000b28    00000034                   : interrupt.obj (.text:IntRegister)
                  00000b5c    00000034                   : sysctl.obj (.text:SysCtlPeripheralEnable)
                  00000b90    00000034     rtsv7M4_T_le_v4SPD16_eabi.lib : boot_cortex_m.c.obj (.text:_c_int00_noargs:_c_int00_noargs)
                  00000bc4    0000002c     driverlib.lib : gpio.obj (.text:GPIODirModeSet)
                  00000bf0    00000020                   : uart.obj (.text:UARTDisable)
                  00000c10    00000020     rtsv7M4_T_le_v4SPD16_eabi.lib : u_tofd_t2.asm.obj (.text)
                  00000c30    0000001c                                   : copy_zero_init.c.obj (.text:decompress:ZI:__TI_zero_init_nomemset:__TI_zero_init_nomemset)
                  00000c4c    0000001a     driverlib.lib : gpio.obj (.text:GPIOPinTypeGPIOOutput)
                  00000c66    00000018                   : uart.obj (.text:UARTIntRegister)
                  00000c7e    00000016                   : gpio.obj (.text:GPIOPinTypeUART)
                  00000c94    00000014                   : uart.obj (.text:UARTEnable)
                  00000ca8    00000010                   : interrupt.obj (.text:IntMasterEnable)
                  00000cb8    0000000e                   : uart.obj (.text:UARTCharGetNonBlocking)
                  00000cc6    0000000e                   : uart.obj (.text:UARTCharPutNonBlocking)
                  00000cd4    0000000e                   : uart.obj (.text:UARTCharsAvail)
                  00000ce2    0000000c                   : cpu.obj (.text:CPUcpsie)
                  00000cee    0000000c     tm4c123gh6pm_startup_ccs.obj (.text)
                  00000cfa    0000000a     driverlib.lib : uart.obj (.text:UARTFIFOEnable)
                  00000d04    0000000a                   : uart.obj (.text:UARTIntStatus)
                  00000d0e    00000008                   : uart.obj (.text:UARTIntEnable)
                  00000d16    00000006                   : gpio.obj (.text:GPIOPinWrite)
                  00000d1c    00000006                   : sysctl.obj (.text:SysCtlDelay)
                  00000d22    00000006                   : uart.obj (.text:UARTClockSourceSet)
                  00000d28    00000006                   : uart.obj (.text:UARTFIFOLevelSet)
                  00000d2e    00000004                   : uart.obj (.text:UARTIntClear)
                  00000d32    00000004     rtsv7M4_T_le_v4SPD16_eabi.lib : pre_init.c.obj (.text:_system_pre_init)
                  00000d36    00000004                                   : exit.c.obj (.text:abort:abort)

.const     0    00000d3c    00000190     
                  00000d3c    00000090     driverlib.lib : gpio.obj (.const:g_pui32GPIOBaseAddrs)
                  00000dcc    0000006c                   : sysctl.obj (.const:g_pui32Xtals)
                  00000e38    00000040                   : uart.obj (.const:g_ppui32UARTIntMap)
                  00000e78    00000040                   : uart.obj (.const:g_ppui32UARTIntMapSnowflake)
                  00000eb8    00000014                   : interrupt.obj (.const:g_pui32EnRegs)

.cinit     0    00000ed0    00000014     
                  00000ed0    00000008     (.cinit..vtable.load) [load image, compression = zero_init]
                  00000ed8    00000004     (__TI_handler_table)
                  00000edc    00000008     (__TI_cinit_table)

.init_array 
*          0    00000000    00000000     UNINITIALIZED

.vtable    0    20000000    0000026c     UNINITIALIZED
                  20000000    0000026c     driverlib.lib : interrupt.obj (.vtable)

.stack     0    20000270    00000200     UNINITIALIZED
                  20000270    00000004     rtsv7M4_T_le_v4SPD16_eabi.lib : boot_cortex_m.c.obj (.stack)
                  20000274    000001fc     --HOLE--

__llvm_prf_cnts 
*          0    20000000    00000000     UNINITIALIZED

MODULE SUMMARY

       Module                         code   ro data   rw data
       ------                         ----   -------   -------
    .\
       tm4c123gh6pm_startup_ccs.obj   12     620       0      
       main.obj                       332    0         0      
    +--+------------------------------+------+---------+---------+
       Total:                         344    620       0      
                                                              
    D:/TivaPackage/driverlib/ccs/Debug/driverlib.lib
       interrupt.obj                  172    20        620    
       sysctl.obj                     582    108       0      
       gpio.obj                       538    144       0      
       uart.obj                       296    128       0      
       cpu.obj                        12     0         0      
    +--+------------------------------+------+---------+---------+
       Total:                         1600   400       620    
                                                              
    D:\MyPC_software\CCS\ccs\tools\compiler\ti-cgt-arm_20.2.6.LTS\lib\rtsv7M4_T_le_v4SPD16_eabi.lib
       fd_div_t2.asm.obj              310    0         0      
       fd_mul_t2.asm.obj              252    0         0      
       autoinit.c.obj                 68     0         0      
       fd_tou_t2.asm.obj              68     0         0      
       boot_cortex_m.c.obj            52     0         0      
       u_tofd_t2.asm.obj              32     0         0      
       copy_zero_init.c.obj           28     0         0      
       exit.c.obj                     4      0         0      
       pre_init.c.obj                 4      0         0      
    +--+------------------------------+------+---------+---------+
       Total:                         818    0         0      
                                                              
       Stack:                         0      0         512    
       Linker Generated:              0      20        0      
    +--+------------------------------+------+---------+---------+
       Grand Total:                   2762   1040      1132   


LINKER GENERATED COPY TABLES

__TI_cinit_table @ 00000edc records: 1, size/record: 8, table size: 8
	.vtable: load addr=00000ed0, load size=00000008 bytes, run addr=20000000, run size=0000026c bytes, compression=zero_init


LINKER GENERATED HANDLER TABLE

__TI_handler_table @ 00000ed8 records: 1, size/record: 4, table size: 4
	index: 0, handler: __TI_zero_init


GLOBAL SYMBOLS: SORTED ALPHABETICALLY BY Name 

address   name                          
-------   ----                          
00000d37  C$$EXIT                       
00000ce3  CPUcpsie                      
00000bc5  GPIODirModeSet                
0000026d  GPIOPadConfigSet              
000009cd  GPIOPinConfigure              
00000c4d  GPIOPinTypeGPIOOutput         
00000c7f  GPIOPinTypeUART               
00000d17  GPIOPinWrite                  
00000965  IntEnable                     
00000ca9  IntMasterEnable               
00000b29  IntRegister                   
00000cef  ResetISR                      
0000065d  SysCtlClockGet                
00000871  SysCtlClockSet                
00000d1d  SysCtlDelay                   
00000b5d  SysCtlPeripheralEnable        
000004c5  UART0_Handler                 
00000cb9  UARTCharGetNonBlocking        
00000cc7  UARTCharPutNonBlocking        
00000cd5  UARTCharsAvail                
00000d23  UARTClockSourceSet            
00000a19  UARTConfigSetExpClk           
00000bf1  UARTDisable                   
00000c95  UARTEnable                    
00000cfb  UARTFIFOEnable                
00000d29  UARTFIFOLevelSet              
00000d2f  UARTIntClear                  
00000d0f  UARTIntEnable                 
00000c67  UARTIntRegister               
00000d05  UARTIntStatus                 
20000470  __STACK_END                   
00000200  __STACK_SIZE                  
20000470  __STACK_TOP                   
00000edc  __TI_CINIT_Base               
00000ee4  __TI_CINIT_Limit              
00000ed8  __TI_Handler_Table_Base       
00000edc  __TI_Handler_Table_Limit      
00000a61  __TI_auto_init_nobinit_nopinit
ffffffff  __TI_pprof_out_hndl           
ffffffff  __TI_prof_data_size           
ffffffff  __TI_prof_data_start          
00000000  __TI_static_base__            
00000c31  __TI_zero_init_nomemset       
00000aa5  __aeabi_d2uiz                 
00000525  __aeabi_ddiv                  
00000775  __aeabi_dmul                  
00000c11  __aeabi_ui2d                  
ffffffff  __binit__                     
ffffffff  __c_args__                    
UNDEFED   __mpu_init                    
20000270  __stack                       
20000000  __start___llvm_prf_cnts       
20000000  __stop___llvm_prf_cnts        
00000b91  _c_int00_noargs               
UNDEFED   _system_post_cinit            
00000d33  _system_pre_init              
00000d37  abort                         
ffffffff  binit                         
20000000  g_pfnRAMVectors               
00000000  g_pfnVectors                  
000003d9  main                          


GLOBAL SYMBOLS: SORTED BY Symbol Address 

address   name                          
-------   ----                          
00000000  __TI_static_base__            
00000000  g_pfnVectors                  
00000200  __STACK_SIZE                  
0000026d  GPIOPadConfigSet              
000003d9  main                          
000004c5  UART0_Handler                 
00000525  __aeabi_ddiv                  
0000065d  SysCtlClockGet                
00000775  __aeabi_dmul                  
00000871  SysCtlClockSet                
00000965  IntEnable                     
000009cd  GPIOPinConfigure              
00000a19  UARTConfigSetExpClk           
00000a61  __TI_auto_init_nobinit_nopinit
00000aa5  __aeabi_d2uiz                 
00000b29  IntRegister                   
00000b5d  SysCtlPeripheralEnable        
00000b91  _c_int00_noargs               
00000bc5  GPIODirModeSet                
00000bf1  UARTDisable                   
00000c11  __aeabi_ui2d                  
00000c31  __TI_zero_init_nomemset       
00000c4d  GPIOPinTypeGPIOOutput         
00000c67  UARTIntRegister               
00000c7f  GPIOPinTypeUART               
00000c95  UARTEnable                    
00000ca9  IntMasterEnable               
00000cb9  UARTCharGetNonBlocking        
00000cc7  UARTCharPutNonBlocking        
00000cd5  UARTCharsAvail                
00000ce3  CPUcpsie                      
00000cef  ResetISR                      
00000cfb  UARTFIFOEnable                
00000d05  UARTIntStatus                 
00000d0f  UARTIntEnable                 
00000d17  GPIOPinWrite                  
00000d1d  SysCtlDelay                   
00000d23  UARTClockSourceSet            
00000d29  UARTFIFOLevelSet              
00000d2f  UARTIntClear                  
00000d33  _system_pre_init              
00000d37  C$$EXIT                       
00000d37  abort                         
00000ed8  __TI_Handler_Table_Base       
00000edc  __TI_CINIT_Base               
00000edc  __TI_Handler_Table_Limit      
00000ee4  __TI_CINIT_Limit              
20000000  __start___llvm_prf_cnts       
20000000  __stop___llvm_prf_cnts        
20000000  g_pfnRAMVectors               
20000270  __stack                       
20000470  __STACK_END                   
20000470  __STACK_TOP                   
ffffffff  __TI_pprof_out_hndl           
ffffffff  __TI_prof_data_size           
ffffffff  __TI_prof_data_start          
ffffffff  __binit__                     
ffffffff  __c_args__                    
ffffffff  binit                         
UNDEFED   __mpu_init                    
UNDEFED   _system_post_cinit            

[61 symbols]
