******************************************************************************
                  TI ARM Linker PC v20.2.6                     
******************************************************************************
>> Linked Thu Mar 16 13:04:42 2023

OUTPUT FILE NAME:   <QEI.out>
ENTRY POINT SYMBOL: "_c_int00_noargs"  address: 000010bd


MEMORY CONFIGURATION

         name            origin    length      used     unused   attr    fill
----------------------  --------  ---------  --------  --------  ----  --------
  FLASH                 00000000   00040000  00001346  0003ecba  R  X
  SRAM                  20000000   00008000  00000205  00007dfb  RW X


SEGMENT ALLOCATION MAP

run origin  load origin   length   init length attrs members
----------  ----------- ---------- ----------- ----- -------
00000000    00000000    00001348   00001348    r-x
  00000000    00000000    0000026c   0000026c    r-- .intvecs
  0000026c    0000026c    00000f96   00000f96    r-x .text
  00001204    00001204    0000012c   0000012c    r-- .const
  00001330    00001330    00000018   00000018    r-- .cinit
20000000    20000000    00000205   00000000    rw-
  20000000    20000000    00000200   00000000    rw- .stack
  20000200    20000200    00000005   00000000    rw- .data


SECTION ALLOCATION MAP

 output                                  attributes/
section   page    origin      length       input sections
--------  ----  ----------  ----------   ----------------
.intvecs   0    00000000    0000026c     
                  00000000    0000026c     tm4c123gh6pm_startup_ccs.obj (.intvecs)

.text      0    0000026c    00000f96     
                  0000026c    000004a8     uartstdio.obj (.text)
                  00000714    0000016c     driverlib.lib : gpio.obj (.text:GPIOPadConfigSet)
                  00000880    00000136     rtsv7M4_T_le_v4SPD16_eabi.lib : fd_div_t2.asm.obj (.text)
                  000009b6    00000002                                   : div0.asm.obj (.text)
                  000009b8    00000130     main.obj (.text)
                  00000ae8    00000118     driverlib.lib : sysctl.obj (.text:SysCtlClockGet)
                  00000c00    000000fc     rtsv7M4_T_le_v4SPD16_eabi.lib : fd_mul_t2.asm.obj (.text)
                  00000cfc    000000f4     driverlib.lib : sysctl.obj (.text:SysCtlClockSet)
                  00000df0    0000009c     rtsv7M4_T_le_v4SPD16_eabi.lib : memcpy_t2.asm.obj (.text)
                  00000e8c    00000068                                   : copy_decompress_lzss.c.obj (.text:decompress:lzss:__TI_decompress_lzss)
                  00000ef4    0000004c     driverlib.lib : gpio.obj (.text:GPIOPinConfigure)
                  00000f40    00000046                   : uart.obj (.text:UARTConfigSetExpClk)
                  00000f86    00000002     --HOLE-- [fill = 0]
                  00000f88    00000044     rtsv7M4_T_le_v4SPD16_eabi.lib : autoinit.c.obj (.text:__TI_auto_init_nobinit_nopinit:__TI_auto_init_nobinit_nopinit)
                  00000fcc    00000044                                   : fd_tou_t2.asm.obj (.text)
                  00001010    00000040                                   : u_divt2.asm.obj (.text)
                  00001050    00000038     driverlib.lib : sysctl.obj (.text:SysCtlPeripheralPresent)
                  00001088    00000034                   : sysctl.obj (.text:SysCtlPeripheralEnable)
                  000010bc    00000034     rtsv7M4_T_le_v4SPD16_eabi.lib : boot_cortex_m.c.obj (.text:_c_int00_noargs:_c_int00_noargs)
                  000010f0    0000002c     driverlib.lib : gpio.obj (.text:GPIODirModeSet)
                  0000111c    00000020                   : uart.obj (.text:UARTDisable)
                  0000113c    00000020     rtsv7M4_T_le_v4SPD16_eabi.lib : u_tofd_t2.asm.obj (.text)
                  0000115c    00000016     driverlib.lib : gpio.obj (.text:GPIOPinTypeQEI)
                  00001172    00000016                   : gpio.obj (.text:GPIOPinTypeUART)
                  00001188    00000014                   : uart.obj (.text:UARTEnable)
                  0000119c    0000000e                   : qei.obj (.text:QEIConfigure)
                  000011aa    0000000e     rtsv7M4_T_le_v4SPD16_eabi.lib : copy_decompress_none.c.obj (.text:decompress:none:__TI_decompress_none)
                  000011b8    0000000c     tm4c123gh6pm_startup_ccs.obj (.text)
                  000011c4    0000000a     driverlib.lib : qei.obj (.text:QEIEnable)
                  000011ce    0000000a                   : qei.obj (.text:QEIIntDisable)
                  000011d8    0000000a                   : uart.obj (.text:UARTCharGet)
                  000011e2    0000000a                   : uart.obj (.text:UARTCharPut)
                  000011ec    00000006                   : sysctl.obj (.text:SysCtlDelay)
                  000011f2    00000004                   : qei.obj (.text:QEIPositionGet)
                  000011f6    00000004                   : qei.obj (.text:QEIPositionSet)
                  000011fa    00000004     rtsv7M4_T_le_v4SPD16_eabi.lib : pre_init.c.obj (.text:_system_pre_init)
                  000011fe    00000004                                   : exit.c.obj (.text:abort:abort)

.const     0    00001204    0000012c     
                  00001204    00000090     driverlib.lib : gpio.obj (.const:g_pui32GPIOBaseAddrs)
                  00001294    0000006c                   : sysctl.obj (.const:g_pui32Xtals)
                  00001300    00000012     uartstdio.obj (.const:.string)
                  00001312    00000002     --HOLE-- [fill = 0]
                  00001314    0000000c     uartstdio.obj (.const:g_ui32UARTBase)
                  00001320    0000000c     uartstdio.obj (.const:g_ui32UARTPeriph)
                  0000132c    00000004     uartstdio.obj (.const)

.cinit     0    00001330    00000018     
                  00001330    00000008     (__TI_handler_table)
                  00001338    00000007     (.cinit..data.load) [load image, compression = lzss]
                  0000133f    00000001     --HOLE-- [fill = 0]
                  00001340    00000008     (__TI_cinit_table)

.init_array 
*          0    00000000    00000000     UNINITIALIZED

.data      0    20000200    00000005     UNINITIALIZED
                  20000200    00000005     uartstdio.obj (.data)

.stack     0    20000000    00000200     UNINITIALIZED
                  20000000    00000004     rtsv7M4_T_le_v4SPD16_eabi.lib : boot_cortex_m.c.obj (.stack)
                  20000004    000001fc     --HOLE--

__llvm_prf_cnts 
*          0    20000000    00000000     UNINITIALIZED

MODULE SUMMARY

       Module                         code   ro data   rw data
       ------                         ----   -------   -------
    .\
       uartstdio.obj                  1192   46        5      
       tm4c123gh6pm_startup_ccs.obj   12     620       0      
       main.obj                       304    0         0      
    +--+------------------------------+------+---------+---------+
       Total:                         1508   666       5      
                                                              
    D:/TivaPackage/driverlib/ccs/Debug/driverlib.lib
       sysctl.obj                     638    108       0      
       gpio.obj                       528    144       0      
       uart.obj                       142    0         0      
       qei.obj                        42     0         0      
    +--+------------------------------+------+---------+---------+
       Total:                         1350   252       0      
                                                              
    D:\MyPC_software\CCS\ccs\tools\compiler\ti-cgt-arm_20.2.6.LTS\lib\rtsv7M4_T_le_v4SPD16_eabi.lib
       fd_div_t2.asm.obj              310    0         0      
       fd_mul_t2.asm.obj              252    0         0      
       memcpy_t2.asm.obj              156    0         0      
       copy_decompress_lzss.c.obj     104    0         0      
       autoinit.c.obj                 68     0         0      
       fd_tou_t2.asm.obj              68     0         0      
       u_divt2.asm.obj                64     0         0      
       boot_cortex_m.c.obj            52     0         0      
       u_tofd_t2.asm.obj              32     0         0      
       copy_decompress_none.c.obj     14     0         0      
       exit.c.obj                     4      0         0      
       pre_init.c.obj                 4      0         0      
       div0.asm.obj                   2      0         0      
    +--+------------------------------+------+---------+---------+
       Total:                         1130   0         0      
                                                              
       Stack:                         0      0         512    
       Linker Generated:              0      23        0      
    +--+------------------------------+------+---------+---------+
       Grand Total:                   3988   941       517    


LINKER GENERATED COPY TABLES

__TI_cinit_table @ 00001340 records: 1, size/record: 8, table size: 8
	.data: load addr=00001338, load size=00000007 bytes, run addr=20000200, run size=00000005 bytes, compression=lzss


LINKER GENERATED HANDLER TABLE

__TI_handler_table @ 00001330 records: 2, size/record: 4, table size: 8
	index: 0, handler: __TI_decompress_lzss
	index: 1, handler: __TI_decompress_none


GLOBAL SYMBOLS: SORTED ALPHABETICALLY BY Name 

address   name                          
-------   ----                          
000011ff  C$$EXIT                       
000009b9  ConfigureUART                 
000010f1  GPIODirModeSet                
00000715  GPIOPadConfigSet              
00000ef5  GPIOPinConfigure              
0000115d  GPIOPinTypeQEI                
00001173  GPIOPinTypeUART               
0000119d  QEIConfigure                  
000011c5  QEIEnable                     
000011cf  QEIIntDisable                 
000011f3  QEIPositionGet                
000011f7  QEIPositionSet                
000011b9  ResetISR                      
00000ae9  SysCtlClockGet                
00000cfd  SysCtlClockSet                
000011ed  SysCtlDelay                   
00001089  SysCtlPeripheralEnable        
00001051  SysCtlPeripheralPresent       
000011d9  UARTCharGet                   
000011e3  UARTCharPut                   
00000f41  UARTConfigSetExpClk           
0000111d  UARTDisable                   
00001189  UARTEnable                    
0000026d  UARTStdioConfig               
000003bd  UARTgetc                      
00000303  UARTgets                      
000006df  UARTprintf                    
000003e5  UARTvprintf                   
000002b3  UARTwrite                     
20000200  __STACK_END                   
00000200  __STACK_SIZE                  
20000200  __STACK_TOP                   
00001340  __TI_CINIT_Base               
00001348  __TI_CINIT_Limit              
00001330  __TI_Handler_Table_Base       
00001338  __TI_Handler_Table_Limit      
00000f89  __TI_auto_init_nobinit_nopinit
00000e8d  __TI_decompress_lzss          
000011ab  __TI_decompress_none          
ffffffff  __TI_pprof_out_hndl           
ffffffff  __TI_prof_data_size           
ffffffff  __TI_prof_data_start          
00000000  __TI_static_base__            
00000fcd  __aeabi_d2uiz                 
00000881  __aeabi_ddiv                  
00000c01  __aeabi_dmul                  
000009b7  __aeabi_idiv0                 
000009b7  __aeabi_ldiv0                 
00000df1  __aeabi_memcpy                
00000df1  __aeabi_memcpy4               
00000df1  __aeabi_memcpy8               
0000113d  __aeabi_ui2d                  
00001011  __aeabi_uidiv                 
00001011  __aeabi_uidivmod              
ffffffff  __binit__                     
ffffffff  __c_args__                    
UNDEFED   __mpu_init                    
20000000  __stack                       
20000000  __start___llvm_prf_cnts       
20000000  __stop___llvm_prf_cnts        
000010bd  _c_int00_noargs               
UNDEFED   _system_post_cinit            
000011fb  _system_pre_init              
000011ff  abort                         
ffffffff  binit                         
00000000  g_pfnVectors                  
000009f1  main                          
00000df1  memcpy                        


GLOBAL SYMBOLS: SORTED BY Symbol Address 

address   name                          
-------   ----                          
00000000  __TI_static_base__            
00000000  g_pfnVectors                  
00000200  __STACK_SIZE                  
0000026d  UARTStdioConfig               
000002b3  UARTwrite                     
00000303  UARTgets                      
000003bd  UARTgetc                      
000003e5  UARTvprintf                   
000006df  UARTprintf                    
00000715  GPIOPadConfigSet              
00000881  __aeabi_ddiv                  
000009b7  __aeabi_idiv0                 
000009b7  __aeabi_ldiv0                 
000009b9  ConfigureUART                 
000009f1  main                          
00000ae9  SysCtlClockGet                
00000c01  __aeabi_dmul                  
00000cfd  SysCtlClockSet                
00000df1  __aeabi_memcpy                
00000df1  __aeabi_memcpy4               
00000df1  __aeabi_memcpy8               
00000df1  memcpy                        
00000e8d  __TI_decompress_lzss          
00000ef5  GPIOPinConfigure              
00000f41  UARTConfigSetExpClk           
00000f89  __TI_auto_init_nobinit_nopinit
00000fcd  __aeabi_d2uiz                 
00001011  __aeabi_uidiv                 
00001011  __aeabi_uidivmod              
00001051  SysCtlPeripheralPresent       
00001089  SysCtlPeripheralEnable        
000010bd  _c_int00_noargs               
000010f1  GPIODirModeSet                
0000111d  UARTDisable                   
0000113d  __aeabi_ui2d                  
0000115d  GPIOPinTypeQEI                
00001173  GPIOPinTypeUART               
00001189  UARTEnable                    
0000119d  QEIConfigure                  
000011ab  __TI_decompress_none          
000011b9  ResetISR                      
000011c5  QEIEnable                     
000011cf  QEIIntDisable                 
000011d9  UARTCharGet                   
000011e3  UARTCharPut                   
000011ed  SysCtlDelay                   
000011f3  QEIPositionGet                
000011f7  QEIPositionSet                
000011fb  _system_pre_init              
000011ff  C$$EXIT                       
000011ff  abort                         
00001330  __TI_Handler_Table_Base       
00001338  __TI_Handler_Table_Limit      
00001340  __TI_CINIT_Base               
00001348  __TI_CINIT_Limit              
20000000  __stack                       
20000000  __start___llvm_prf_cnts       
20000000  __stop___llvm_prf_cnts        
20000200  __STACK_END                   
20000200  __STACK_TOP                   
ffffffff  __TI_pprof_out_hndl           
ffffffff  __TI_prof_data_size           
ffffffff  __TI_prof_data_start          
ffffffff  __binit__                     
ffffffff  __c_args__                    
ffffffff  binit                         
UNDEFED   __mpu_init                    
UNDEFED   _system_post_cinit            

[68 symbols]
