******************************************************************************
                  TI ARM Linker PC v20.2.6                     
******************************************************************************
>> Linked Sun Jan  8 00:35:53 2023

OUTPUT FILE NAME:   <Timer_Capture_Time.out>
ENTRY POINT SYMBOL: "_c_int00_noargs"  address: 000012ad


MEMORY CONFIGURATION

         name            origin    length      used     unused   attr    fill
----------------------  --------  ---------  --------  --------  ----  --------
  FLASH                 00000000   00040000  00001744  0003e8bc  R  X
  SRAM                  20000000   00008000  00000481  00007b7f  RW X


SEGMENT ALLOCATION MAP

run origin  load origin   length   init length attrs members
----------  ----------- ---------- ----------- ----- -------
00000000    00000000    00001748   00001748    r-x
  00000000    00000000    0000026c   0000026c    r-- .intvecs
  0000026c    0000026c    0000122c   0000122c    r-x .text
  00001498    00001498    0000027c   0000027c    r-- .const
  00001718    00001718    00000030   00000030    r-- .cinit
20000000    20000000    00000485   00000000    rw-
  20000000    20000000    0000026c   00000000    rw- .vtable
  20000270    20000270    00000200   00000000    rw- .stack
  20000470    20000470    00000015   00000000    rw- .data


SECTION ALLOCATION MAP

 output                                  attributes/
section   page    origin      length       input sections
--------  ----  ----------  ----------   ----------------
.intvecs   0    00000000    0000026c     
                  00000000    0000026c     tm4c123gh6pm_startup_ccs.obj (.intvecs)

.text      0    0000026c    0000122c     
                  0000026c    000004a8     uartstdio.obj (.text)
                  00000714    000001d8     main.obj (.text)
                  000008ec    0000016c     driverlib.lib : gpio.obj (.text:GPIOPadConfigSet)
                  00000a58    00000136     rtsv7M4_T_le_v4SPD16_eabi.lib : fd_div_t2.asm.obj (.text)
                  00000b8e    00000002                                   : div0.asm.obj (.text)
                  00000b90    00000118     driverlib.lib : sysctl.obj (.text:SysCtlClockGet)
                  00000ca8    000000fc     rtsv7M4_T_le_v4SPD16_eabi.lib : fd_mul_t2.asm.obj (.text)
                  00000da4    000000f4     driverlib.lib : sysctl.obj (.text:SysCtlClockSet)
                  00000e98    0000009c     rtsv7M4_T_le_v4SPD16_eabi.lib : memcpy_t2.asm.obj (.text)
                  00000f34    00000068     driverlib.lib : interrupt.obj (.text:IntEnable)
                  00000f9c    00000068     rtsv7M4_T_le_v4SPD16_eabi.lib : copy_decompress_lzss.c.obj (.text:decompress:lzss:__TI_decompress_lzss)
                  00001004    00000060     driverlib.lib : timer.obj (.text:TimerConfigure)
                  00001064    0000004c                   : gpio.obj (.text:GPIOPinConfigure)
                  000010b0    0000004c                   : timer.obj (.text:_TimerIntNumberGet)
                  000010fc    00000046                   : uart.obj (.text:UARTConfigSetExpClk)
                  00001142    00000002     --HOLE-- [fill = 0]
                  00001144    00000044     rtsv7M4_T_le_v4SPD16_eabi.lib : autoinit.c.obj (.text:__TI_auto_init_nobinit_nopinit:__TI_auto_init_nobinit_nopinit)
                  00001188    00000044                                   : fd_tou_t2.asm.obj (.text)
                  000011cc    00000040                                   : u_divt2.asm.obj (.text)
                  0000120c    00000038     driverlib.lib : sysctl.obj (.text:SysCtlPeripheralPresent)
                  00001244    00000034                   : interrupt.obj (.text:IntRegister)
                  00001278    00000034                   : sysctl.obj (.text:SysCtlPeripheralEnable)
                  000012ac    00000034     rtsv7M4_T_le_v4SPD16_eabi.lib : boot_cortex_m.c.obj (.text:_c_int00_noargs:_c_int00_noargs)
                  000012e0    0000002c     driverlib.lib : gpio.obj (.text:GPIODirModeSet)
                  0000130c    00000024                   : interrupt.obj (.text:IntPrioritySet)
                  00001330    00000020                   : uart.obj (.text:UARTDisable)
                  00001350    00000020     rtsv7M4_T_le_v4SPD16_eabi.lib : u_tofd_t2.asm.obj (.text)
                  00001370    0000001c                                   : copy_zero_init.c.obj (.text:decompress:ZI:__TI_zero_init_nomemset:__TI_zero_init_nomemset)
                  0000138c    00000018     driverlib.lib : timer.obj (.text:TimerIntRegister)
                  000013a4    00000016                   : gpio.obj (.text:GPIOPinTypeTimer)
                  000013ba    00000016                   : gpio.obj (.text:GPIOPinTypeUART)
                  000013d0    00000016                   : timer.obj (.text:TimerControlEvent)
                  000013e6    00000014                   : uart.obj (.text:UARTEnable)
                  000013fa    00000012                   : timer.obj (.text:TimerLoadSet)
                  0000140c    00000010                   : interrupt.obj (.text:IntMasterEnable)
                  0000141c    0000000e                   : timer.obj (.text:TimerEnable)
                  0000142a    0000000e     rtsv7M4_T_le_v4SPD16_eabi.lib : copy_decompress_none.c.obj (.text:decompress:none:__TI_decompress_none)
                  00001438    0000000c     driverlib.lib : cpu.obj (.text:CPUcpsie)
                  00001444    0000000c     tm4c123gh6pm_startup_ccs.obj (.text)
                  00001450    0000000a     driverlib.lib : timer.obj (.text:TimerIntStatus)
                  0000145a    0000000a                   : timer.obj (.text:TimerValueGet)
                  00001464    0000000a                   : uart.obj (.text:UARTCharGet)
                  0000146e    0000000a                   : uart.obj (.text:UARTCharPut)
                  00001478    00000008                   : timer.obj (.text:TimerIntEnable)
                  00001480    00000006                   : sysctl.obj (.text:SysCtlDelay)
                  00001486    00000006                   : uart.obj (.text:UARTClockSourceSet)
                  0000148c    00000004                   : timer.obj (.text:TimerIntClear)
                  00001490    00000004     rtsv7M4_T_le_v4SPD16_eabi.lib : pre_init.c.obj (.text:_system_pre_init)
                  00001494    00000004                                   : exit.c.obj (.text:abort:abort)

.const     0    00001498    0000027c     
                  00001498    0000009c     driverlib.lib : interrupt.obj (.const:g_pui32Regs)
                  00001534    00000090                   : gpio.obj (.const:g_pui32GPIOBaseAddrs)
                  000015c4    0000006c                   : sysctl.obj (.const:g_pui32Xtals)
                  00001630    00000060                   : timer.obj (.const:g_ppui32TimerIntMap)
                  00001690    00000040                   : timer.obj (.const:g_ppui32TimerIntMapSnowflake)
                  000016d0    00000014                   : interrupt.obj (.const:g_pui32EnRegs)
                  000016e4    00000012     uartstdio.obj (.const:.string)
                  000016f6    00000002     --HOLE-- [fill = 0]
                  000016f8    0000000c     uartstdio.obj (.const:g_ui32UARTBase)
                  00001704    0000000c     uartstdio.obj (.const:g_ui32UARTPeriph)
                  00001710    00000004     uartstdio.obj (.const)

.cinit     0    00001718    00000030     
                  00001718    0000000c     (__TI_handler_table)
                  00001724    00000008     (.cinit..data.load) [load image, compression = lzss]
                  0000172c    00000004     --HOLE-- [fill = 0]
                  00001730    00000008     (.cinit..vtable.load) [load image, compression = zero_init]
                  00001738    00000010     (__TI_cinit_table)

.init_array 
*          0    00000000    00000000     UNINITIALIZED

.vtable    0    20000000    0000026c     UNINITIALIZED
                  20000000    0000026c     driverlib.lib : interrupt.obj (.vtable)

.data      0    20000470    00000015     UNINITIALIZED
                  20000470    00000010     main.obj (.data)
                  20000480    00000005     uartstdio.obj (.data)

.stack     0    20000270    00000200     UNINITIALIZED
                  20000270    00000004     rtsv7M4_T_le_v4SPD16_eabi.lib : boot_cortex_m.c.obj (.stack)
                  20000274    000001fc     --HOLE--

__llvm_prf_cnts 
*          0    20000000    00000000     UNINITIALIZED

MODULE SUMMARY

       Module                         code   ro data   rw data
       ------                         ----   -------   -------
    .\
       uartstdio.obj                  1192   46        5      
       tm4c123gh6pm_startup_ccs.obj   12     620       0      
       main.obj                       472    0         16     
    +--+------------------------------+------+---------+---------+
       Total:                         1676   666       21     
                                                              
    D:/TivaPackage/driverlib/ccs/Debug/driverlib.lib
       interrupt.obj                  208    176       620    
       sysctl.obj                     638    108       0      
       gpio.obj                       528    144       0      
       timer.obj                      282    160       0      
       uart.obj                       148    0         0      
       cpu.obj                        12     0         0      
    +--+------------------------------+------+---------+---------+
       Total:                         1816   588       620    
                                                              
    D:\MyPC_software\CCS\ccs\tools\compiler\ti-cgt-arm_20.2.6.LTS\lib\rtsv7M4_T_le_v4SPD16_eabi.lib
       fd_div_t2.asm.obj              310    0         0      
       fd_mul_t2.asm.obj              252    0         0      
       memcpy_t2.asm.obj              156    0         0      
       copy_decompress_lzss.c.obj     104    0         0      
       autoinit.c.obj                 68     0         0      
       fd_tou_t2.asm.obj              68     0         0      
       u_divt2.asm.obj                64     0         0      
       boot_cortex_m.c.obj            52     0         0      
       u_tofd_t2.asm.obj              32     0         0      
       copy_zero_init.c.obj           28     0         0      
       copy_decompress_none.c.obj     14     0         0      
       exit.c.obj                     4      0         0      
       pre_init.c.obj                 4      0         0      
       div0.asm.obj                   2      0         0      
    +--+------------------------------+------+---------+---------+
       Total:                         1158   0         0      
                                                              
       Stack:                         0      0         512    
       Linker Generated:              0      44        0      
    +--+------------------------------+------+---------+---------+
       Grand Total:                   4650   1298      1153   


LINKER GENERATED COPY TABLES

__TI_cinit_table @ 00001738 records: 2, size/record: 8, table size: 16
	.data: load addr=00001724, load size=00000008 bytes, run addr=20000470, run size=00000015 bytes, compression=lzss
	.vtable: load addr=00001730, load size=00000008 bytes, run addr=20000000, run size=0000026c bytes, compression=zero_init


LINKER GENERATED HANDLER TABLE

__TI_handler_table @ 00001718 records: 3, size/record: 4, table size: 12
	index: 0, handler: __TI_zero_init
	index: 1, handler: __TI_decompress_lzss
	index: 2, handler: __TI_decompress_none


GLOBAL SYMBOLS: SORTED ALPHABETICALLY BY Name 

address   name                          
-------   ----                          
00001495  C$$EXIT                       
00001439  CPUcpsie                      
000012e1  GPIODirModeSet                
000008ed  GPIOPadConfigSet              
00001065  GPIOPinConfigure              
000013a5  GPIOPinTypeTimer              
000013bb  GPIOPinTypeUART               
00000f35  IntEnable                     
0000140d  IntMasterEnable               
0000130d  IntPrioritySet                
00001245  IntRegister                   
00001445  ResetISR                      
00000b91  SysCtlClockGet                
00000da5  SysCtlClockSet                
00001481  SysCtlDelay                   
00001279  SysCtlPeripheralEnable        
0000120d  SysCtlPeripheralPresent       
2000047c  T                             
0000082f  Timer1AIntHandler             
00000873  Timer1BIntHandler             
00001005  TimerConfigure                
000013d1  TimerControlEvent             
0000141d  TimerEnable                   
0000148d  TimerIntClear                 
00001479  TimerIntEnable                
0000138d  TimerIntRegister              
00001451  TimerIntStatus                
000013fb  TimerLoadSet                  
0000145b  TimerValueGet                 
000007f3  UART0Configure                
00001465  UARTCharGet                   
0000146f  UARTCharPut                   
00001487  UARTClockSourceSet            
000010fd  UARTConfigSetExpClk           
00001331  UARTDisable                   
000013e7  UARTEnable                    
0000026d  UARTStdioConfig               
000003bd  UARTgetc                      
00000303  UARTgets                      
000006df  UARTprintf                    
000003e5  UARTvprintf                   
000002b3  UARTwrite                     
20000470  __STACK_END                   
00000200  __STACK_SIZE                  
20000470  __STACK_TOP                   
00001738  __TI_CINIT_Base               
00001748  __TI_CINIT_Limit              
00001718  __TI_Handler_Table_Base       
00001724  __TI_Handler_Table_Limit      
00001145  __TI_auto_init_nobinit_nopinit
00000f9d  __TI_decompress_lzss          
0000142b  __TI_decompress_none          
ffffffff  __TI_pprof_out_hndl           
ffffffff  __TI_prof_data_size           
ffffffff  __TI_prof_data_start          
00000000  __TI_static_base__            
00001371  __TI_zero_init_nomemset       
00001189  __aeabi_d2uiz                 
00000a59  __aeabi_ddiv                  
00000ca9  __aeabi_dmul                  
00000b8f  __aeabi_idiv0                 
00000b8f  __aeabi_ldiv0                 
00000e99  __aeabi_memcpy                
00000e99  __aeabi_memcpy4               
00000e99  __aeabi_memcpy8               
00001351  __aeabi_ui2d                  
000011cd  __aeabi_uidiv                 
000011cd  __aeabi_uidivmod              
ffffffff  __binit__                     
ffffffff  __c_args__                    
UNDEFED   __mpu_init                    
20000270  __stack                       
20000000  __start___llvm_prf_cnts       
20000000  __stop___llvm_prf_cnts        
000012ad  _c_int00_noargs               
UNDEFED   _system_post_cinit            
00001491  _system_pre_init              
00001495  abort                         
ffffffff  binit                         
20000470  cnt                           
20000000  g_pfnRAMVectors               
00000000  g_pfnVectors                  
20000474  last_count                    
00000715  main                          
00000e99  memcpy                        
20000478  now_count                     


GLOBAL SYMBOLS: SORTED BY Symbol Address 

address   name                          
-------   ----                          
00000000  __TI_static_base__            
00000000  g_pfnVectors                  
00000200  __STACK_SIZE                  
0000026d  UARTStdioConfig               
000002b3  UARTwrite                     
00000303  UARTgets                      
000003bd  UARTgetc                      
000003e5  UARTvprintf                   
000006df  UARTprintf                    
00000715  main                          
000007f3  UART0Configure                
0000082f  Timer1AIntHandler             
00000873  Timer1BIntHandler             
000008ed  GPIOPadConfigSet              
00000a59  __aeabi_ddiv                  
00000b8f  __aeabi_idiv0                 
00000b8f  __aeabi_ldiv0                 
00000b91  SysCtlClockGet                
00000ca9  __aeabi_dmul                  
00000da5  SysCtlClockSet                
00000e99  __aeabi_memcpy                
00000e99  __aeabi_memcpy4               
00000e99  __aeabi_memcpy8               
00000e99  memcpy                        
00000f35  IntEnable                     
00000f9d  __TI_decompress_lzss          
00001005  TimerConfigure                
00001065  GPIOPinConfigure              
000010fd  UARTConfigSetExpClk           
00001145  __TI_auto_init_nobinit_nopinit
00001189  __aeabi_d2uiz                 
000011cd  __aeabi_uidiv                 
000011cd  __aeabi_uidivmod              
0000120d  SysCtlPeripheralPresent       
00001245  IntRegister                   
00001279  SysCtlPeripheralEnable        
000012ad  _c_int00_noargs               
000012e1  GPIODirModeSet                
0000130d  IntPrioritySet                
00001331  UARTDisable                   
00001351  __aeabi_ui2d                  
00001371  __TI_zero_init_nomemset       
0000138d  TimerIntRegister              
000013a5  GPIOPinTypeTimer              
000013bb  GPIOPinTypeUART               
000013d1  TimerControlEvent             
000013e7  UARTEnable                    
000013fb  TimerLoadSet                  
0000140d  IntMasterEnable               
0000141d  TimerEnable                   
0000142b  __TI_decompress_none          
00001439  CPUcpsie                      
00001445  ResetISR                      
00001451  TimerIntStatus                
0000145b  TimerValueGet                 
00001465  UARTCharGet                   
0000146f  UARTCharPut                   
00001479  TimerIntEnable                
00001481  SysCtlDelay                   
00001487  UARTClockSourceSet            
0000148d  TimerIntClear                 
00001491  _system_pre_init              
00001495  C$$EXIT                       
00001495  abort                         
00001718  __TI_Handler_Table_Base       
00001724  __TI_Handler_Table_Limit      
00001738  __TI_CINIT_Base               
00001748  __TI_CINIT_Limit              
20000000  __start___llvm_prf_cnts       
20000000  __stop___llvm_prf_cnts        
20000000  g_pfnRAMVectors               
20000270  __stack                       
20000470  __STACK_END                   
20000470  __STACK_TOP                   
20000470  cnt                           
20000474  last_count                    
20000478  now_count                     
2000047c  T                             
ffffffff  __TI_pprof_out_hndl           
ffffffff  __TI_prof_data_size           
ffffffff  __TI_prof_data_start          
ffffffff  __binit__                     
ffffffff  __c_args__                    
ffffffff  binit                         
UNDEFED   __mpu_init                    
UNDEFED   _system_post_cinit            

[86 symbols]
